Tree:
   50
   / \
  /   \
 /     \
23     53
 \       \
 41      79
   \     / \
   45   /   \
       68   89

#nodes = 8,  #leaves = 3
Infix  : 23 41 45 50 53 68 79 89 
Prefix : 50 23 41 45 53 79 68 89 
Postfix: 45 41 23 68 89 79 53 50 
ByLevel: 50 23 53 41 79 45 68 89 
